// Jest Snapshot v1, https://goo.gl/fbAQLP

exports[`Login Login Snapshot 1`] = `
<body>
  <div>
    <div
      class="container mt-5"
    >
      <h1>
        Login
      </h1>
      <hr />
      <button
        class="btn btn-primary"
      >
        Login
      </button>
    </div>
  </div>
</body>
`;
